
Trial 0 from probe point [2.45918, 2.45918, 8.81123]
 ***** nothing within 0.65 of [2.45918, 2.45918, 8.81123]
 Farthest distance 14.491 to [10, 10, -1]
 -------------------------------------------------------------
Trial 1 from probe point [1.40141, 1.40141, 10.3979]
 Closest distance 0.693233 to [1, 1, 10]
 Farthest distance 16.6668 to [10, 10, -1]
 Returned 1 items within 0.7 of [1.40141,1.40141,10.3979]
	 [1,1,10]
 -------------------------------------------------------------
Trial 2 from probe point [0.422376, 0.422376, 11.8664]
 ***** nothing within 0.75 of [0.422376, 0.422376, 11.8664]
 Farthest distance 18.6817 to [10, 10, -1]
 -------------------------------------------------------------
Trial 3 from probe point [3.22703, 3.22703, 7.65946]
 Closest distance 0.468029 to [3, 3, 8]
 Farthest distance 12.9125 to [10, 10, -1]
 Returned 2 items within 0.8 of [3.22703,3.22703,7.65946]
	 [3,3,7]
	 [3,3,8]
 -------------------------------------------------------------
Trial 4 from probe point [0.955535, 0.955535, 11.0667]
 ***** nothing within 0.85 of [0.955535, 0.955535, 11.0667]
 Farthest distance 17.5844 to [10, 10, -1]
 -------------------------------------------------------------
Trial 5 from probe point [7.79412, 7.79412, 0.808817]
 Closest distance 0.348314 to [8, 8, 1]
 Farthest distance 15.4645 to [-1, -1, 10]
 Returned 4 items within 0.9 of [7.79412,7.79412,0.808817]
	 [8,7,1]
	 [8,8,0]
	 [8,8,1]
	 [7,8,1]
 -------------------------------------------------------------
Trial 6 from probe point [1.32572, 1.32572, 10.5114]
 Closest distance 0.688285 to [1, 1, 10]
 Farthest distance 16.8226 to [10, 10, -1]
 Returned 3 items within 0.95 of [1.32572,1.32572,10.5114]
	 [2,1,10]
	 [1,2,10]
	 [1,1,10]
 -------------------------------------------------------------
Trial 7 from probe point [6.37349, 6.37349, 2.93977]
 Closest distance 0.531611 to [6, 6, 3]
 Farthest distance 12.593 to [-1, -1, 10]
 Returned 4 items within 1 of [6.37349,6.37349,2.93977]
	 [7,6,3]
	 [6,6,3]
	 [6,7,3]
	 [7,7,3]
 -------------------------------------------------------------
Trial 8 from probe point [5.74786, 5.74786, 3.87822]
 Closest distance 0.376808 to [6, 6, 4]
 Farthest distance 11.3377 to [-1, -1, 10]
 Returned 4 items within 1.05 of [5.74786,5.74786,3.87822]
	 [6,6,4]
	 [6,6,3]
	 [5,6,4]
	 [6,5,4]
 -------------------------------------------------------------
Trial 9 from probe point [4.91775, 4.91775, 5.12337]
 Closest distance 0.169557 to [5, 5, 5]
 Farthest distance 10.3699 to [-1, -1, -1]
 Returned 6 items within 1.1 of [4.91775,4.91775,5.12337]
	 [5,4,5]
	 [6,5,5]
	 [5,5,5]
	 [4,5,5]
	 [5,5,6]
	 [5,6,5]
 -------------------------------------------------------------
