
Trial 0 from probe point {7.31356,7.31356,1.52965}
 Closest distance 0.64643 to {7,7,2}
 Farthest distance 14.4906 to {-1,-1,10}
 Returned 1 items within 0.65 of {7.31356,7.31356,1.52965}
	{7,7,2}
 -------------------------------------------------------------
Trial 1 from probe point {0.108918,0.108918,12.3366}
 ***** nothing within 0.7 of {0.108918,0.108918,12.3366}
 Farthest distance 19.327 to {10,10,-1}
 -------------------------------------------------------------
Trial 2 from probe point {0.182265,0.182265,12.2266}
 ***** nothing within 0.75 of {0.182265,0.182265,12.2266}
 Farthest distance 19.176 to {10,10,-1}
 -------------------------------------------------------------
Trial 3 from probe point {2.18529,2.18529,9.22207}
 Closest distance 0.343478 to {2,2,9}
 Farthest distance 15.0542 to {10,10,-1}
 Returned 1 items within 0.8 of {2.18529,2.18529,9.22207}
	{2,2,9}
 -------------------------------------------------------------
Trial 4 from probe point {6.50392,6.50392,2.74412}
 Closest distance 0.746771 to {7,7,3}
 Farthest distance 12.8556 to {-1,-1,10}
 Returned 4 items within 0.85 of {6.50392,6.50392,2.74412}
	{7,6,3}
	{7,7,3}
	{6,6,3}
	{6,7,3}
 -------------------------------------------------------------
Trial 5 from probe point {9.56212,9.56212,-1.84319}
 ***** nothing within 0.9 of {9.56212,9.56212,-1.84319}
 Farthest distance 19.0625 to {-1,-1,10}
 -------------------------------------------------------------
Trial 6 from probe point {2.18371,2.18371,9.22443}
 Closest distance 0.343322 to {2,2,9}
 Farthest distance 15.0575 to {10,10,-1}
 Returned 4 items within 0.95 of {2.18371,2.18371,9.22443}
	{3,2,9}
	{2,2,9}
	{2,2,10}
	{2,3,9}
 -------------------------------------------------------------
Trial 7 from probe point {8.67158,8.67158,-0.507366}
 Closest distance 0.67706 to {9,9,-1}
 Farthest distance 17.2477 to {-1,-1,10}
 Returned 6 items within 1 of {8.67158,8.67158,-0.507366}
	{9,8,-1}
	{9,9,-1}
	{9,8,0}
	{9,9,0}
	{8,9,-1}
	{8,9,0}
 -------------------------------------------------------------
Trial 8 from probe point {0.194856,0.194856,12.2077}
 ***** nothing within 1.05 of {0.194856,0.194856,12.2077}
 Farthest distance 19.1501 to {10,10,-1}
 -------------------------------------------------------------
Trial 9 from probe point {5.05493,5.05493,4.9176}
 Closest distance 0.113244 to {5,5,5}
 Farthest distance 10.4088 to {-1,-1,-1}
 Returned 7 items within 1.1 of {5.05493,5.05493,4.9176}
	{6,5,5}
	{5,4,5}
	{5,5,4}
	{5,5,5}
	{5,5,6}
	{5,6,5}
	{4,5,5}
 -------------------------------------------------------------
