
Trial 0 from probe point [7.09037, 7.09037, 1.86445]
 Closest distance 0.186293 to [7, 7, 2]
 Farthest distance 14.0391 to [-1, -1, 10]
 Returned 1 items within 0.65 of [7.09037,7.09037,1.86445]
	 [7,7,2]
 -------------------------------------------------------------
Trial 1 from probe point [0.105594, 0.105594, 12.3416]
 ***** nothing within 0.7 of [0.105594, 0.105594, 12.3416]
 Farthest distance 19.3338 to [10, 10, -1]
 -------------------------------------------------------------
Trial 2 from probe point [0.176702, 0.176702, 12.2349]
 ***** nothing within 0.75 of [0.176702, 0.176702, 12.2349]
 Farthest distance 19.1874 to [10, 10, -1]
 -------------------------------------------------------------
Trial 3 from probe point [2.11859, 2.11859, 9.32211]
 Closest distance 0.363157 to [2, 2, 9]
 Farthest distance 15.1914 to [10, 10, -1]
 Returned 2 items within 0.8 of [2.11859,2.11859,9.32211]
	 [2,2,9]
	 [2,2,10]
 -------------------------------------------------------------
Trial 4 from probe point [6.30543, 6.30543, 3.04186]
 Closest distance 0.433965 to [6, 6, 3]
 Farthest distance 12.4561 to [-1, -1, 10]
 Returned 3 items within 0.85 of [6.30543,6.30543,3.04186]
	 [7,6,3]
	 [6,6,3]
	 [6,7,3]
 -------------------------------------------------------------
Trial 5 from probe point [9.2703, 9.2703, -1.40545]
 Closest distance 0.557243 to [9, 9, -1]
 Farthest distance 18.4673 to [-1, -1, 10]
 Returned 3 items within 0.9 of [9.2703,9.2703,-1.40545]
	 [10,9,-1]
	 [9,9,-1]
	 [9,10,-1]
 -------------------------------------------------------------
Trial 6 from probe point [2.11707, 2.11707, 9.3244]
 Closest distance 0.364202 to [2, 2, 9]
 Farthest distance 15.1946 to [10, 10, -1]
 Returned 4 items within 0.95 of [2.11707,2.11707,9.3244]
	 [3,2,9]
	 [2,2,9]
	 [2,2,10]
	 [2,3,9]
 -------------------------------------------------------------
Trial 7 from probe point [8.40693, 8.40693, -0.110401]
 Closest distance 0.585985 to [8, 8, 0]
 Farthest distance 16.7093 to [-1, -1, 10]
 Returned 4 items within 1 of [8.40693,8.40693,-0.110401]
	 [9,8,0]
	 [9,9,0]
	 [8,8,0]
	 [8,9,0]
 -------------------------------------------------------------
Trial 8 from probe point [9.88372, 9.88372, -2.32559]
 ***** nothing within 1.05 of [9.88372, 9.88372, -2.32559]
 Farthest distance 19.7188 to [-1, -1, 10]
 -------------------------------------------------------------
Trial 9 from probe point [4.90066, 4.90066, 5.14901]
 Closest distance 0.20479 to [5, 5, 5]
 Farthest distance 10.3656 to [-1, -1, -1]
 Returned 4 items within 1.1 of [4.90066,4.90066,5.14901]
	 [5,4,5]
	 [5,5,5]
	 [5,5,6]
	 [4,5,5]
 -------------------------------------------------------------
