
Trial 0 from probe point {0.708086,0.708086,11.4379}
 ***** nothing within 0.65 of {0.708086,0.708086,11.4379}
 Farthest distance 18.0936 to {10,10,-1}
 -------------------------------------------------------------
Trial 1 from probe point {0.807775,0.807775,11.2883}
 ***** nothing within 0.7 of {0.807775,0.807775,11.2883}
 Farthest distance 17.8885 to {10,10,-1}
 -------------------------------------------------------------
Trial 2 from probe point {6.27863,6.27863,3.08206}
 Closest distance 0.402493 to {6,6,3}
 Farthest distance 12.4022 to {-1,-1,10}
 Returned 1 items within 0.75 of {6.27863,6.27863,3.08206}
	{6,6,3}
 -------------------------------------------------------------
Trial 3 from probe point {4.90263,4.90263,5.14605}
 Closest distance 0.200732 to {5,5,5}
 Farthest distance 10.3661 to {-1,-1,-1}
 Returned 1 items within 0.8 of {4.90263,4.90263,5.14605}
	{5,5,5}
 -------------------------------------------------------------
Trial 4 from probe point {8.51131,8.51131,-0.266971}
 Closest distance 0.740879 to {9,9,0}
 Farthest distance 16.9216 to {-1,-1,10}
 Returned 4 items within 0.85 of {8.51131,8.51131,-0.266971}
	{9,8,0}
	{9,9,0}
	{8,8,0}
	{8,9,0}
 -------------------------------------------------------------
Trial 5 from probe point {9.65652,9.65652,-1.98477}
 ***** nothing within 0.9 of {9.65652,9.65652,-1.98477}
 Farthest distance 19.2551 to {-1,-1,10}
 -------------------------------------------------------------
Trial 6 from probe point {7.0505,7.0505,1.92424}
 Closest distance 0.104118 to {7,7,2}
 Farthest distance 13.9585 to {-1,-1,10}
 Returned 2 items within 0.95 of {7.0505,7.0505,1.92424}
	{7,7,1}
	{7,7,2}
 -------------------------------------------------------------
Trial 7 from probe point {7.83064,7.83064,0.754035}
 Closest distance 0.343311 to {8,8,1}
 Farthest distance 15.5386 to {-1,-1,10}
 Returned 4 items within 1 of {7.83064,7.83064,0.754035}
	{8,7,1}
	{8,8,0}
	{8,8,1}
	{7,8,1}
 -------------------------------------------------------------
Trial 8 from probe point {9.61966,9.61966,-1.92948}
 ***** nothing within 1.05 of {9.61966,9.61966,-1.92948}
 Farthest distance 19.1799 to {-1,-1,10}
 -------------------------------------------------------------
Trial 9 from probe point {7.55706,7.55706,1.1644}
 Closest distance 0.647622 to {8,8,1}
 Farthest distance 14.9838 to {-1,-1,10}
 Returned 7 items within 1.1 of {7.55706,7.55706,1.1644}
	{8,7,1}
	{8,7,2}
	{8,8,1}
	{8,8,2}
	{7,7,1}
	{7,8,1}
	{7,8,2}
 -------------------------------------------------------------
